{"hlTxLogs":"57o_WzSf3oXKovDE4gNCzbNUglnLoAmnZtVyzW0B820","hlCommandResult":{"status":"success","data":{"i":null,"lit":3}}}