- output: HLIEBEUgf32fElyvoriTOISAKAdnV0EGOp6xnyHRb38
  cmd: coinbase
- output: Jjhmj9UsP3_0YBh9A5sOEjAAXH1GBmF7tgnhorcVG_w
  cmd:
    tag: Code
    contents: (test1.create-global-accounts)
