9FikhIq4XjzRRLTh8HFi1lLd8M5RTzNalgHBFGyQMno=8R9oBxyMdpOKPs4bLwK0hOslrAvis2SvSg0XPWD3kso=Ky4RB6PDHhIam44091vG3oa7zQ4_DBy1De7xjI4RWtc=ZPi-8-JSkTcP2ilBG-Hq54w3vUBXlQ9jkpQMxUUaYpc=cbUVWO1mfUvG3p8cZX0D0dfPg_xJAUpxRDn2hDcZFOQ=VrPZdEoQIck8wR-Xy2y2vRKq0vRGow464D8qnG-rxXY=bFJMUNXl7Chb9to2XLhhM3YE6uwLc9kp_UJJlky97Ug=y1Ygs4xfx8SfVOYgFt-QmuAMC3HS-K8ewVYyNvggVMQ=favfd269ZK16a9ZnNZytltF8Kl5SSS_il8BHyw5GQ2Q=vEwZ-FjxLD5dz7uBJAP61xzBdPqYvAg8xcR1ZOfWEbA=