70ANlh0V8QWWYCAxcB7X8WJUEgyhv_DrToI2l5O-bIc=GlP1_wByw_zA_QMGVUx4RRUjrqssa9gaOP7Shf9NGsY=H5NPR54a9-_rr3XAR6a-0okJ4y6AaZ9UBwmHbn97-3s=fd6ShZhaDLkEIDTAwSa7UEtmFlg1fZPdrw1g3-1jfwk=qDJC2lvVNX72gN8YT4_SqZUjjUOzM-b-wC4F74Oueeo=Mo4r_lWaMVKL_6XK8IHuU_RIMlGLGRhUm_1ZY9hYXcM=khxq-nZGoEar8aYNsqWMPPEMVTTzqs_svobyiFYLrvg=ZAQX1JKbN2RmUFVx_aG87EwxwTic23DKo_CQb9G95pU=wWUUEitrmA-JUMs-MYHfjrfXgR0eB9vetLTZV2XtD6k=xRrZrZqYND00wwEFyzqN2VqsvnZgQD0Kkc9-h5RpDoQ=K13M0IcaOdQ4Q47ZDWh1OoZx0OG6_yYNoUnuDRxMkPk=Ucw9OOF8ui43ADW2swEvLNqFm2Ip2kAQ2II_Lfv3Efo=tW8NGv1_f7q4ulyJzNpNVIz1umI28LSqr175J73cPks=26bRDnlZnb_aFGKq99G0Xrv1MAmlNMxtAZBiPAn0Rms=4Gfi64V0wmMDcuzfXHq7fmZrxNRrf82-PvFCvoDVIlw=ppEFtdpd82-SYVo2T8NJb1gVLiAF46bqtGizaxngmYA=lI4BBJRKw0C8l5nXm_kq1Wt-G-Kx-pgc5S-BA6NwTMg=BAPCD9JBJEw51_guGGpGCHnzrcG6WOm2VoBAj_rzLNE=HxgFA-iCrxGCrfCCryDZVZzxaq8uNTVw0I8MMr2-HXk=KS20VqEfuc58N_y5EBPllmLHj-byluevh4YpvTKaiNM=