test-group: new-block
results:
  transactions: []
  minerData: eyJhY2NvdW50IjoiTm9NaW5lciIsInByZWRpY2F0ZSI6IjwiLCJwdWJsaWMta2V5cyI6W119
  transactionsHash: lL9ztEiU-NwzrlTpBbvhT4M1l5Shsht94OwFyhBaFD0
  outputsHash: XN9f0NgYwskse2b8rQMU3uDo3TJoCFH3RSvo0OnpeQc
  payloadHash: x1rEeYmGXevcitH89DIVAELsVwAibS5F8R_bHgTOPIo
  coinbase: eyJnYXMiOjAsInJlc3VsdCI6eyJzdGF0dXMiOiJzdWNjZXNzIiwiZGF0YSI6IldyaXRlIHN1Y2NlZWRlZCJ9LCJyZXFLZXkiOiJJblZuUVU5bVpqWlphMHR0ZG5CZmNFcEpTSEY0TmtoTVZGSlFkM2xJUlVoRU1tTXlUMnh0Tmt3eVJtY2kiLCJsb2dzIjoibFdaVWZjX0dKdGxUUy1LeDAtYm00aXRfSWE5bnNGZG5jZ2NwSE0td091OCIsIm1ldGFEYXRhIjpudWxsLCJjb250aW51YXRpb24iOm51bGwsInR4SWQiOjd9
