test-group: local
results:
  status: success
  data:
    obj:
      amount:
        i: null
        lit: -1
      data:
        obj:
          transfer-to:
            i: null
            lit: Acct2
        type: '*'
        i: null
      balance:
        i: null
        lit: 999999
      account:
        i: null
        lit: Acct1
    type: '*'
    i: null
