2xJdM-Nc-AfsOMnWgLllRh5DmGTZAnVjaE1kioBcXT4=f40oKNYq-QaRC_UcsBsa3AflouuSDvEZxebLwUZDgmI=Yq6Hbh7zeMkxv_4AGLwAHSQVaiD4YHYr3BZObymatmE=rrwr1Gd3LznAQFXb7dVK98-Myudza8HIHGIAVahPR20=z0f30MFqXUf0iU1DSFHMx6-cyzFgoiY3A0k1xritFxY=bexqkNZ6Pfh73wxPZAw_rCQxS0Wctb4elj40kGd2GnA=lMWZR0X5JAgvavAY41ltHwtx-xVbDJUwvwsLhe7vpgs=HoCIoQNNobLL_BeYr1e22aAG8NR1m9Re2OWFyTuJryg=e7lL_SS7F6OBtyiNJNNCfxzpLEChM_lz9-oIKMF4cME=_DhSOK354H14XNTyN8vIZdeOvhwWXkjwXguGwWliqIA=