test-group: new-block
results:
  transactions:
  - - eyJoYXNoIjoiSWxGRDdhOVVZT0dXMUJHRUZjYWRwejVUVW1XLVc5ZkJ5NkZIVzYzaXEzayIsInNpZ3MiOlt7InNpZyI6ImYzZTc5Mjc4MGRmNTIwZmVkMjg5MDc3MjllMjI1NTA4NTk2MzJhMzNiMTQzMTM0MDlkOTkyZmRmMjJjNTZlZDEwMzdiZTcxNDYyNWRkMTZmYWI5MmVlNjZhZmQ1MjhiNWViZjEwYWNhZjY2ZjRlZGVmMWM2ZjZjY2Q4OTkxMjA0In1dLCJjbWQiOiJ7XCJuZXR3b3JrSWRcIjpudWxsLFwicGF5bG9hZFwiOntcImV4ZWNcIjp7XCJkYXRhXCI6e1widGVzdC1hZG1pbi1rZXlzZXRcIjpbXCIzNjg4MjBmODBjMzI0YmJjN2MyYjA2MTA2ODhhN2RhNDNlMzlmOTFkMTE4NzMyNjcxY2Q5Yzc1MDBmZjQzY2NhXCJdfSxcImNvZGVcIjpcIihkZWZpbmUta2V5c2V0ICd0ZXN0LWFkbWluIChyZWFkLWtleXNldCBcXFwidGVzdC1hZG1pbi1rZXlzZXRcXFwiKSlcXG5cXG4obmFtZXNwYWNlICdmcmVlKVxcblxcbihtb2R1bGUgdGVzdDEgJ3Rlc3QtYWRtaW5cXG5cXG4gIChkZWZzY2hlbWEgYWNjb3VudFxcbiAgICBiYWxhbmNlOmRlY2ltYWxcXG4gICAgYW1vdW50OmRlY2ltYWxcXG4gICAgZGF0YSlcXG5cXG4gIChkZWZ0YWJsZSBhY2NvdW50czp7YWNjb3VudH0pXFxuXFxuICAoZGVmdW4gY3JlYXRlLWFjY291bnQgKGlkIGluaXQtYmFsKVxcbiAgICAoaW5zZXJ0IGFjY291bnRzIGlkXFxuICAgICAgICAgeyBcXFwiYmFsYW5jZVxcXCI6IGluaXQtYmFsLCBcXFwiYW1vdW50XFxcIjogaW5pdC1iYWwsIFxcXCJkYXRhXFxcIjogXFxcIkNyZWF0ZWQgYWNjb3VudFxcXCIgfSkpXFxuXFxuICAoZGVmdW4gdHJhbnNmZXIgKHNyYyBkZXN0IGFtb3VudClcXG4gICAgXFxcInRyYW5zZmVyIEFNT1VOVCBmcm9tIFNSQyB0byBERVNUIGZvciB1bmVuY3J5cHRlZCBhY2NvdW50c1xcXCJcXG4gICAgKGRlYml0IHNyYyBhbW91bnQgeyBcXFwidHJhbnNmZXItdG9cXFwiOiBkZXN0IH0pXFxuICAgIChjcmVkaXQgZGVzdCBhbW91bnQgeyBcXFwidHJhbnNmZXItZnJvbVxcXCI6IHNyYyB9KSlcXG5cXG4gIChkZWZwYWN0IHBheW1lbnQgKHNyYy1lbnRpdHkgc3JjIGRlc3QtZW50aXR5IGRlc3QgYW1vdW50KVxcbiAgICBcXFwiVHdvLXBoYXNlIGNvbmZpZGVudGlhbCBwYXltZW50LCBzZW5kaW5nIG1vbmV5IGZyb20gU1JDIGF0IFNSQy1FTlRJVFkgdG8gREVTVCBhdCBERVNULUVOVElUWS5cXFwiXFxuXFxuICAgIChzdGVwLXdpdGgtcm9sbGJhY2tcXG4gICAgIHNyYy1lbnRpdHlcXG4gICAgIChsZXQgKChyZXN1bHQgKGRlYml0IHNyYyBhbW91bnQgeyBcXFwidHJhbnNmZXItdG9cXFwiOiBkZXN0LCBcXFwibWVzc2FnZVxcXCI6IFxcXCJTdGFydGluZyBwYWN0XFxcIiB9KSkpXFxuICAgICAgICh5aWVsZCB7IFxcXCJyZXN1bHRcXFwiOiByZXN1bHQsIFxcXCJhbW91bnRcXFwiOiBhbW91bnQsIFxcXCJ0eFxcXCI6IChwYWN0LWlkKSB9KSlcXG4gICAgIChjcmVkaXQgc3JjIGFtb3VudCB7IFxcXCJyb2xsYmFja1xcXCI6IChwYWN0LWlkKSB9KSlcXG5cXG4gICAgKHN0ZXBcXG4gICAgIGRlc3QtZW50aXR5XFxuICAgICAocmVzdW1lIHsgXFxcInJlc3VsdFxcXCI6PSByZXN1bHQsIFxcXCJhbW91bnRcXFwiOj0gZGViaXQtYW1vdW50IH1cXG4gICAgICAgKGNyZWRpdCBkZXN0IGRlYml0LWFtb3VudFxcbiAgICAgICAgICAgICAgIHsgXFxcInRyYW5zZmVyLWZyb21cXFwiOiBzcmMsIFxcXCJkZWJpdC1yZXN1bHRcXFwiOiByZXN1bHQsIFxcXCJ0eFxcXCI6IChwYWN0LWlkKSB9KSkpKVxcblxcbiAgKGRlZnVuIGRlYml0IChhY2N0IGFtb3VudCBkYXRhKVxcbiAgICBcXFwiRGViaXQgQUNDVCBmb3IgQU1PVU5ULCBlbmZvcmNpbmcgcG9zaXRpdmUgYW1vdW50IGFuZCBzdWZmaWNpZW50IGZ1bmRzLCBhbm5vdGF0aW5nIHdpdGggREFUQVxcXCJcXG4gICAgKGVuZm9yY2UtcG9zaXRpdmUgYW1vdW50KVxcbiAgICAod2l0aC1yZWFkIGFjY291bnRzIGFjY3QgeyBcXFwiYmFsYW5jZVxcXCI6PSBiYWxhbmNlIH1cXG4gICAgICAoY2hlY2stYmFsYW5jZSBiYWxhbmNlIGFtb3VudClcXG4gICAgICAodXBkYXRlIGFjY291bnRzIGFjY3RcXG4gICAgICAgICAgICB7IFxcXCJiYWxhbmNlXFxcIjogKC0gYmFsYW5jZSBhbW91bnQpLCBcXFwiYW1vdW50XFxcIjogKC0gYW1vdW50KVxcbiAgICAgICAgICAgICwgXFxcImRhdGFcXFwiOiBkYXRhIH0pKSlcXG5cXG4gIChkZWZ1biBjcmVkaXQgKGFjY3QgYW1vdW50IGRhdGEpXFxuICAgIFxcXCJDcmVkaXQgQUNDVCBmb3IgQU1PVU5ULCBlbmZvcmNpbmcgcG9zaXRpdmUgYW1vdW50XFxcIlxcbiAgICAoZW5mb3JjZS1wb3NpdGl2ZSBhbW91bnQpXFxuICAgICh3aXRoLXJlYWQgYWNjb3VudHMgYWNjdCB7IFxcXCJiYWxhbmNlXFxcIjo9IGJhbGFuY2UgfVxcbiAgICAgICh1cGRhdGUgYWNjb3VudHMgYWNjdFxcbiAgICAgICAgICAgIHsgXFxcImJhbGFuY2VcXFwiOiAoKyBiYWxhbmNlIGFtb3VudCksIFxcXCJhbW91bnRcXFwiOiBhbW91bnRcXG4gICAgICAgICAgICAsIFxcXCJkYXRhXFxcIjogZGF0YSB9KSkpXFxuXFxuXFxuICAoZGVmdW4gcmVhZC1hY2NvdW50IChpZClcXG4gICAgXFxcIlJlYWQgZGF0YSBmb3IgYWNjb3VudCBJRFxcXCJcXG4gICAgKCsgeyBcXFwiYWNjb3VudFxcXCI6IGlkIH0gKHJlYWQgYWNjb3VudHMgaWQpKSlcXG5cXG4gIChkZWZ1biBjaGVjay1iYWxhbmNlIChiYWxhbmNlIGFtb3VudClcXG4gICAgKGVuZm9yY2UgKDw9IGFtb3VudCBiYWxhbmNlKSBcXFwiSW5zdWZmaWNpZW50IGZ1bmRzXFxcIikpXFxuXFxuICAoZGVmdW4gZW5mb3JjZS1wb3NpdGl2ZSAoYW1vdW50KVxcbiAgICAoZW5mb3JjZSAoPj0gYW1vdW50IDAuMCkgXFxcImFtb3VudCBtdXN0IGJlIHBvc2l0aXZlXFxcIikpXFxuXFxuIChkZWZ1biByZWFkLWFsbCAoKVxcbiAgIChtYXAgKHJlYWQtYWNjb3VudCkgKGtleXMgYWNjb3VudHMpKSlcXG5cXG4gKGRlZnVuIHJlYWQtYWxsLWdsb2JhbCAoKVxcbiAgIChtYXAgKHJlYWQtYWNjb3VudCkgW1xcXCJBY2N0MVxcXCIgXFxcIkFjY3QyXFxcIl0pKVxcblxcbiAoZGVmdW4gY3JlYXRlLWdsb2JhbC1hY2NvdW50cyAoKVxcbiAgIChjcmVhdGUtYWNjb3VudCBcXFwiQWNjdDFcXFwiIDEwMDAwMDAuMClcXG4gICAoY3JlYXRlLWFjY291bnQgXFxcIkFjY3QyXFxcIiAwLjApXFxuICAgKHJlYWQtYWxsKSlcXG5cXG4gKGRlZnBhY3QgY3JlYXRlLXByaXZhdGUtYWNjb3VudHMgKClcXG4gICAoc3RlcCBcXFwiQWxpY2VcXFwiIChjcmVhdGUtYWNjb3VudCBcXFwiQVxcXCIgMTAwMC4wKSlcXG4gICAoc3RlcCBcXFwiQm9iXFxcIiAoY3JlYXRlLWFjY291bnQgXFxcIkJcXFwiIDEwMDAuMCkpXFxuICAgKHN0ZXAgXFxcIkNhcm9sXFxcIiAoY3JlYXRlLWFjY291bnQgXFxcIkNcXFwiIDEwMDAuMCkpXFxuICAgKHN0ZXAgXFxcIkRpbmVzaFxcXCIgKGNyZWF0ZS1hY2NvdW50IFxcXCJEXFxcIiAxMDAwLjApKSlcXG5cXG4pXFxuXCJ9fSxcInNpZ25lcnNcIjpbe1wicHViS2V5XCI6XCIzNjg4MjBmODBjMzI0YmJjN2MyYjA2MTA2ODhhN2RhNDNlMzlmOTFkMTE4NzMyNjcxY2Q5Yzc1MDBmZjQzY2NhXCJ9XSxcIm1ldGFcIjp7XCJjcmVhdGlvblRpbWVcIjoxMDAwMDAwLFwidHRsXCI6ODY0MDAsXCJnYXNMaW1pdFwiOjEwMDAwLFwiY2hhaW5JZFwiOlwiMFwiLFwiZ2FzUHJpY2VcIjoxLjBlLTIsXCJzZW5kZXJcIjpcInNlbmRlcjAwXCJ9LFwibm9uY2VcIjpcIjEwXCJ9In0
    - eyJnYXMiOjY0OSwicmVzdWx0Ijp7InN0YXR1cyI6InN1Y2Nlc3MiLCJkYXRhIjoiTG9hZGVkIG1vZHVsZSBmcmVlLnRlc3QxLCBoYXNoIEI2WkpnZldENW9iUEdtWWNfaVJLaXJETVA2LVVHbTJwVVY3bXRIRC1Sc1EifSwicmVxS2V5IjoiSWxGRDdhOVVZT0dXMUJHRUZjYWRwejVUVW1XLVc5ZkJ5NkZIVzYzaXEzayIsImxvZ3MiOiJMRm51NzRDaE4wZS1IbGI3azlqZlAzcmpmcWh6WjFweUpibXpkX1lOMFdZIiwibWV0YURhdGEiOm51bGwsImNvbnRpbnVhdGlvbiI6bnVsbCwidHhJZCI6MTF9
  - - eyJoYXNoIjoiSEZHdFBURlk3ay1pcmlyZ2VOWGtxVkk2Z1ZsVUhpVWxIMXRiMXNfVC1SMCIsInNpZ3MiOlt7InNpZyI6ImZjMjE3YmE3ODhiNWYyNTM5ZjRmMzY4ZmQ0MWUyZTk1ZWU4ZDVlNTRhMmI5ZDNhYTU0MDdmNmE0NWQwOWU0MTJmZDBmY2FlZWIzMmRjYmRhYjdkMTAzZWFmNjZmN2ZjY2JkMWE5YTYxZDdmNTFhOGMwYjJkMzhkNmExNDQxODBlIn1dLCJjbWQiOiJ7XCJuZXR3b3JrSWRcIjpudWxsLFwicGF5bG9hZFwiOntcImV4ZWNcIjp7XCJkYXRhXCI6e1widGVzdC1hZG1pbi1rZXlzZXRcIjpbXCIzNjg4MjBmODBjMzI0YmJjN2MyYjA2MTA2ODhhN2RhNDNlMzlmOTFkMTE4NzMyNjcxY2Q5Yzc1MDBmZjQzY2NhXCJdfSxcImNvZGVcIjpcIihjcmVhdGUtdGFibGUgdGVzdDEuYWNjb3VudHMpXCJ9fSxcInNpZ25lcnNcIjpbe1wicHViS2V5XCI6XCIzNjg4MjBmODBjMzI0YmJjN2MyYjA2MTA2ODhhN2RhNDNlMzlmOTFkMTE4NzMyNjcxY2Q5Yzc1MDBmZjQzY2NhXCJ9XSxcIm1ldGFcIjp7XCJjcmVhdGlvblRpbWVcIjoxMDAwMDAwLFwidHRsXCI6ODY0MDAsXCJnYXNMaW1pdFwiOjEwMDAwLFwiY2hhaW5JZFwiOlwiMFwiLFwiZ2FzUHJpY2VcIjoxLjBlLTIsXCJzZW5kZXJcIjpcInNlbmRlcjAwXCJ9LFwibm9uY2VcIjpcIjExXCJ9In0
    - eyJnYXMiOjI2NCwicmVzdWx0Ijp7InN0YXR1cyI6InN1Y2Nlc3MiLCJkYXRhIjoiVGFibGVDcmVhdGVkIn0sInJlcUtleSI6IkhGR3RQVEZZN2staXJpcmdlTlhrcVZJNmdWbFVIaVVsSDF0YjFzX1QtUjAiLCJsb2dzIjoiVzFGTVFybHpYbnJJS3lZX2EyQV9LcnptRkkwSnVjVmNwUG41ZWdDdWFXNCIsIm1ldGFEYXRhIjpudWxsLCJjb250aW51YXRpb24iOm51bGwsInR4SWQiOjE0fQ
  - - eyJoYXNoIjoiQ3Q5bTdQdVdXb0hiZm05VnJlYk1mdVVTTUozbUxDVGhFMWM5SEVnVmZVQSIsInNpZ3MiOlt7InNpZyI6IjI1YTRlZmQwZjhlNmNhMDgyYjgxYjMwYjE2NTZmMGQzNmY3ZWU3ODM0MjdkODc3ZjFjZDQ4OWE5MmE2NDU2OTU1MmNmZmY3OGRjMmQ4MzlkM2ZmMGM0MGFmYWQ0MzNmOWNmZGY0Mjk3MTU2OGM4ZGE4OWVhOGJiOTI4YWE1NzAzIn1dLCJjbWQiOiJ7XCJuZXR3b3JrSWRcIjpudWxsLFwicGF5bG9hZFwiOntcImV4ZWNcIjp7XCJkYXRhXCI6e1widGVzdC1hZG1pbi1rZXlzZXRcIjpbXCIzNjg4MjBmODBjMzI0YmJjN2MyYjA2MTA2ODhhN2RhNDNlMzlmOTFkMTE4NzMyNjcxY2Q5Yzc1MDBmZjQzY2NhXCJdfSxcImNvZGVcIjpcIih0ZXN0MS5jcmVhdGUtZ2xvYmFsLWFjY291bnRzKVwifX0sXCJzaWduZXJzXCI6W3tcInB1YktleVwiOlwiMzY4ODIwZjgwYzMyNGJiYzdjMmIwNjEwNjg4YTdkYTQzZTM5ZjkxZDExODczMjY3MWNkOWM3NTAwZmY0M2NjYVwifV0sXCJtZXRhXCI6e1wiY3JlYXRpb25UaW1lXCI6MTAwMDAwMCxcInR0bFwiOjg2NDAwLFwiZ2FzTGltaXRcIjoxMDAwMCxcImNoYWluSWRcIjpcIjBcIixcImdhc1ByaWNlXCI6MS4wZS0yLFwic2VuZGVyXCI6XCJzZW5kZXIwMFwifSxcIm5vbmNlXCI6XCIxMlwifSJ9
    - eyJnYXMiOjU4MCwicmVzdWx0Ijp7InN0YXR1cyI6InN1Y2Nlc3MiLCJkYXRhIjpbeyJhbW91bnQiOjEwMDAwMDAsImRhdGEiOiJDcmVhdGVkIGFjY291bnQiLCJiYWxhbmNlIjoxMDAwMDAwLCJhY2NvdW50IjoiQWNjdDEifSx7ImFtb3VudCI6MCwiZGF0YSI6IkNyZWF0ZWQgYWNjb3VudCIsImJhbGFuY2UiOjAsImFjY291bnQiOiJBY2N0MiJ9XX0sInJlcUtleSI6IkN0OW03UHVXV29IYmZtOVZyZWJNZnVVU01KM21MQ1RoRTFjOUhFZ1ZmVUEiLCJsb2dzIjoiejN4b2hwZ0RNeTRTVmZrQ05IU0pwZ3l5TFNySEVoeGQyUGdYR3ZOd2hFNCIsIm1ldGFEYXRhIjpudWxsLCJjb250aW51YXRpb24iOm51bGwsInR4SWQiOjE3fQ
  - - eyJoYXNoIjoiYk5iYTlBaVR2NW5iQ211Ml9zMUhrZVZtNWpEZThmQTcxbFFoNG96V3cyRSIsInNpZ3MiOlt7InNpZyI6ImIyYjAyOTgxMTRlYzU5OTc1ZjEwNDMwYjJhNWJlMWFhZTAwZDhlYmQxOTI1OGRiY2NkY2U5YjVmNTY5ZGYyNjJiNWVkNjllNDM2NDdiMTZkY2NiMWQyYzFhMTM4ZmJmM2M2YmVjZDA4N2EyNzc1MWQ0MWY2NzQ4ZDE4NWJmYzBjIn1dLCJjbWQiOiJ7XCJuZXR3b3JrSWRcIjpudWxsLFwicGF5bG9hZFwiOntcImV4ZWNcIjp7XCJkYXRhXCI6e1widGVzdC1hZG1pbi1rZXlzZXRcIjpbXCIzNjg4MjBmODBjMzI0YmJjN2MyYjA2MTA2ODhhN2RhNDNlMzlmOTFkMTE4NzMyNjcxY2Q5Yzc1MDBmZjQzY2NhXCJdfSxcImNvZGVcIjpcIih0ZXN0MS50cmFuc2ZlciBcXFwiQWNjdDFcXFwiIFxcXCJBY2N0MlxcXCIgMS4wMClcIn19LFwic2lnbmVyc1wiOlt7XCJwdWJLZXlcIjpcIjM2ODgyMGY4MGMzMjRiYmM3YzJiMDYxMDY4OGE3ZGE0M2UzOWY5MWQxMTg3MzI2NzFjZDljNzUwMGZmNDNjY2FcIn1dLFwibWV0YVwiOntcImNyZWF0aW9uVGltZVwiOjEwMDAwMDAsXCJ0dGxcIjo4NjQwMCxcImdhc0xpbWl0XCI6MTAwMDAsXCJjaGFpbklkXCI6XCIwXCIsXCJnYXNQcmljZVwiOjEuMGUtMixcInNlbmRlclwiOlwic2VuZGVyMDBcIn0sXCJub25jZVwiOlwiMTNcIn0ifQ
    - eyJnYXMiOjQwNywicmVzdWx0Ijp7InN0YXR1cyI6InN1Y2Nlc3MiLCJkYXRhIjoiV3JpdGUgc3VjY2VlZGVkIn0sInJlcUtleSI6ImJOYmE5QWlUdjVuYkNtdTJfczFIa2VWbTVqRGU4ZkE3MWxRaDRveld3MkUiLCJsb2dzIjoib0RDMGM0QnNiOGJPVEVkcW1LUy1CaW1DOVZSS0VLN3Y0eXZqeXVuWXVXMCIsIm1ldGFEYXRhIjpudWxsLCJjb250aW51YXRpb24iOm51bGwsInR4SWQiOjIwfQ
  - - eyJoYXNoIjoiX2RneUxfSGtlZGJFZjl5UTY5Wkhhc2g2M01JVUw2ZktibzBqeXJJRWhPYyIsInNpZ3MiOlt7InNpZyI6IjZhODRiMWRkNGFkNDE5ZGY3YThhODA4NGYwNWEyZDM5YzExNTBmMjI5ZTM3OTFlM2UwY2E0OTkyZDkwNGNhOGVlMTk4MTljNTE3YTVjNjM5M2E3ZmYyNWI1NjdiNjJjOTYwZTFiYmI4ZTE2YjZiMWU2YmRkNDU1Njk3ODc1MDA5In1dLCJjbWQiOiJ7XCJuZXR3b3JrSWRcIjpudWxsLFwicGF5bG9hZFwiOntcImV4ZWNcIjp7XCJkYXRhXCI6e1widGVzdC1hZG1pbi1rZXlzZXRcIjpbXCIzNjg4MjBmODBjMzI0YmJjN2MyYjA2MTA2ODhhN2RhNDNlMzlmOTFkMTE4NzMyNjcxY2Q5Yzc1MDBmZjQzY2NhXCJdfSxcImNvZGVcIjpcIihhdCAncHJldi1ibG9jay1oYXNoIChjaGFpbi1kYXRhKSlcIn19LFwic2lnbmVyc1wiOlt7XCJwdWJLZXlcIjpcIjM2ODgyMGY4MGMzMjRiYmM3YzJiMDYxMDY4OGE3ZGE0M2UzOWY5MWQxMTg3MzI2NzFjZDljNzUwMGZmNDNjY2FcIn1dLFwibWV0YVwiOntcImNyZWF0aW9uVGltZVwiOjEwMDAwMDAsXCJ0dGxcIjo4NjQwMCxcImdhc0xpbWl0XCI6MTAwMDAsXCJjaGFpbklkXCI6XCIwXCIsXCJnYXNQcmljZVwiOjEuMGUtMixcInNlbmRlclwiOlwic2VuZGVyMDBcIn0sXCJub25jZVwiOlwiMTRcIn0ifQ
    - eyJnYXMiOjcsInJlc3VsdCI6eyJzdGF0dXMiOiJzdWNjZXNzIiwiZGF0YSI6InNWMDlUbHhfZURIQWdYZkY1WS1jcG1MMVBTWFFsTERKRWc5MUJKczBieWMifSwicmVxS2V5IjoiX2RneUxfSGtlZGJFZjl5UTY5Wkhhc2g2M01JVUw2ZktibzBqeXJJRWhPYyIsImxvZ3MiOiJUVVVlWFJmRFlnQlZTdjFZU0ktU3lfRVdtcHRaWXZqQlNmY1ZMc2ZzcVpVIiwibWV0YURhdGEiOm51bGwsImNvbnRpbnVhdGlvbiI6bnVsbCwidHhJZCI6MjN9
  - - eyJoYXNoIjoiTzhoWU1TVUhnSkNPRXFoTy0yRFRNRGJhTzBIZmx6VjM0UHRzM0dlUHBJUSIsInNpZ3MiOlt7InNpZyI6ImMxYjQ5OTQwNTQ0MjZmNzE2NWM2NmZjNjY0MzE0N2M1N2QxYTczYzM3NjEwMjU4OGU0M2QyMzA1ZjBhY2FhYTQyMDRkZGRmNGRhMWFiMzk0OTdkY2FiM2FjZWU1NmQ0NmQ3NzJkNDZkNjAyNmU5ZjQ4MGFmMWNiMWIyNWFmYzA3In1dLCJjbWQiOiJ7XCJuZXR3b3JrSWRcIjpudWxsLFwicGF5bG9hZFwiOntcImV4ZWNcIjp7XCJkYXRhXCI6e1widGVzdC1hZG1pbi1rZXlzZXRcIjpbXCIzNjg4MjBmODBjMzI0YmJjN2MyYjA2MTA2ODhhN2RhNDNlMzlmOTFkMTE4NzMyNjcxY2Q5Yzc1MDBmZjQzY2NhXCJdfSxcImNvZGVcIjpcIihhdCAnYmxvY2stdGltZSAoY2hhaW4tZGF0YSkpXCJ9fSxcInNpZ25lcnNcIjpbe1wicHViS2V5XCI6XCIzNjg4MjBmODBjMzI0YmJjN2MyYjA2MTA2ODhhN2RhNDNlMzlmOTFkMTE4NzMyNjcxY2Q5Yzc1MDBmZjQzY2NhXCJ9XSxcIm1ldGFcIjp7XCJjcmVhdGlvblRpbWVcIjoxMDAwMDAwLFwidHRsXCI6ODY0MDAsXCJnYXNMaW1pdFwiOjEwMDAwLFwiY2hhaW5JZFwiOlwiMFwiLFwiZ2FzUHJpY2VcIjoxLjBlLTIsXCJzZW5kZXJcIjpcInNlbmRlcjAwXCJ9LFwibm9uY2VcIjpcIjE1XCJ9In0
    - eyJnYXMiOjcsInJlc3VsdCI6eyJzdGF0dXMiOiJzdWNjZXNzIiwiZGF0YSI6eyJ0aW1lIjoiMTk3MC0wMS0wMVQwMDowMDowMFoifX0sInJlcUtleSI6Ik84aFlNU1VIZ0pDT0VxaE8tMkRUTURiYU8wSGZselYzNFB0czNHZVBwSVEiLCJsb2dzIjoidTdKNDU3dGdzNDJ1dGhjOU1TbWtkaTkxT2tUb2FCNFpGei1QUWtSajJhdyIsIm1ldGFEYXRhIjpudWxsLCJjb250aW51YXRpb24iOm51bGwsInR4SWQiOjI2fQ
  - - eyJoYXNoIjoiSGFsbTJLYUV5Qm5weXJqMkxHMmJQcVZDUmZBYk8yWHZzZWlnaURaZElLOCIsInNpZ3MiOlt7InNpZyI6ImI0MDNlZWI3ODI0NzA0OWU0NjEzNGQzYWQ0MWZlMTAwNWMxM2I0NzNhNjUzZGNmNTVlN2ZmMzIzOGU5N2VkYmRmZTMyZmFmODczODViYTc0MmNmMDFmYmFkMDU2ODEwNWVjNDhhMDk1MzIyNWJmMmY0ODJjNjhiMjkyZGNmOTAzIn1dLCJjbWQiOiJ7XCJuZXR3b3JrSWRcIjpudWxsLFwicGF5bG9hZFwiOntcImV4ZWNcIjp7XCJkYXRhXCI6e1widGVzdC1hZG1pbi1rZXlzZXRcIjpbXCIzNjg4MjBmODBjMzI0YmJjN2MyYjA2MTA2ODhhN2RhNDNlMzlmOTFkMTE4NzMyNjcxY2Q5Yzc1MDBmZjQzY2NhXCJdfSxcImNvZGVcIjpcIihhdCAnYmxvY2staGVpZ2h0IChjaGFpbi1kYXRhKSlcIn19LFwic2lnbmVyc1wiOlt7XCJwdWJLZXlcIjpcIjM2ODgyMGY4MGMzMjRiYmM3YzJiMDYxMDY4OGE3ZGE0M2UzOWY5MWQxMTg3MzI2NzFjZDljNzUwMGZmNDNjY2FcIn1dLFwibWV0YVwiOntcImNyZWF0aW9uVGltZVwiOjEwMDAwMDAsXCJ0dGxcIjo4NjQwMCxcImdhc0xpbWl0XCI6MTAwMDAsXCJjaGFpbklkXCI6XCIwXCIsXCJnYXNQcmljZVwiOjEuMGUtMixcInNlbmRlclwiOlwic2VuZGVyMDBcIn0sXCJub25jZVwiOlwiMTZcIn0ifQ
    - eyJnYXMiOjcsInJlc3VsdCI6eyJzdGF0dXMiOiJzdWNjZXNzIiwiZGF0YSI6MX0sInJlcUtleSI6IkhhbG0yS2FFeUJucHlyajJMRzJiUHFWQ1JmQWJPMlh2c2VpZ2lEWmRJSzgiLCJsb2dzIjoiaEtSOEZUYkhSVnhxV092TTZWXzZ1dUdMSVA3T2loV25RR3dFSnV0REF0cyIsIm1ldGFEYXRhIjpudWxsLCJjb250aW51YXRpb24iOm51bGwsInR4SWQiOjI5fQ
  - - eyJoYXNoIjoiRVI0TlZZaFp1Z3BJeXR6TFhQWjJUZ18wUGc5T3NvTEtva1RxN0R3WGpLdyIsInNpZ3MiOlt7InNpZyI6IjJlNDZjMWMzZDQ0YTQ3YzdiZDY2ZTM1MWNhZDBmY2JjYmMyMDk1ZWJhYTk5MzY4NjRmZmZhOTVlNTJhNjE5MDlkMTBlODY3Y2RhMjFmNTcyZjMxODhmYjNmNjUxYTAzMzY3NWM5ZTk2NDFhNDBlM2EwNGNlMmUyMDk4NjQ2NjAzIn1dLCJjbWQiOiJ7XCJuZXR3b3JrSWRcIjpudWxsLFwicGF5bG9hZFwiOntcImV4ZWNcIjp7XCJkYXRhXCI6e1widGVzdC1hZG1pbi1rZXlzZXRcIjpbXCIzNjg4MjBmODBjMzI0YmJjN2MyYjA2MTA2ODhhN2RhNDNlMzlmOTFkMTE4NzMyNjcxY2Q5Yzc1MDBmZjQzY2NhXCJdfSxcImNvZGVcIjpcIihhdCAnZ2FzLWxpbWl0IChjaGFpbi1kYXRhKSlcIn19LFwic2lnbmVyc1wiOlt7XCJwdWJLZXlcIjpcIjM2ODgyMGY4MGMzMjRiYmM3YzJiMDYxMDY4OGE3ZGE0M2UzOWY5MWQxMTg3MzI2NzFjZDljNzUwMGZmNDNjY2FcIn1dLFwibWV0YVwiOntcImNyZWF0aW9uVGltZVwiOjEwMDAwMDAsXCJ0dGxcIjo4NjQwMCxcImdhc0xpbWl0XCI6MTAwMDAsXCJjaGFpbklkXCI6XCIwXCIsXCJnYXNQcmljZVwiOjEuMGUtMixcInNlbmRlclwiOlwic2VuZGVyMDBcIn0sXCJub25jZVwiOlwiMTdcIn0ifQ
    - eyJnYXMiOjcsInJlc3VsdCI6eyJzdGF0dXMiOiJzdWNjZXNzIiwiZGF0YSI6MTAwMDB9LCJyZXFLZXkiOiJFUjROVlloWnVncEl5dHpMWFBaMlRnXzBQZzlPc29MS29rVHE3RHdYakt3IiwibG9ncyI6IklwcDE1S0QtdlZXS3JwanVDM0NBWHk3cTZia1hudURIbF82TmFiaGVyd1EiLCJtZXRhRGF0YSI6bnVsbCwiY29udGludWF0aW9uIjpudWxsLCJ0eElkIjozMn0
  - - eyJoYXNoIjoia21ldS1LajJudVNMcHZzNmVsNVdiY0d6VnZ3ZjlaSjd2LTJCa2g4UmVlQSIsInNpZ3MiOlt7InNpZyI6IjIwNmZkMmMzYTBkMzBjMDhlN2FhY2U4ZGZmNmQ1MTIxYWZhMTA3NThhM2M3YTFhNDc2NTE1YmFlMjNiNmNiZmM5NjRiNjhkYmYxMzU5MzVhYWNiYzNlZmYzMzczZWE4YmUxMmI0OTdmOTU1NjU5MDQ3NDAxNTQ0ZTUyMDNjMjA4In1dLCJjbWQiOiJ7XCJuZXR3b3JrSWRcIjpudWxsLFwicGF5bG9hZFwiOntcImV4ZWNcIjp7XCJkYXRhXCI6e1widGVzdC1hZG1pbi1rZXlzZXRcIjpbXCIzNjg4MjBmODBjMzI0YmJjN2MyYjA2MTA2ODhhN2RhNDNlMzlmOTFkMTE4NzMyNjcxY2Q5Yzc1MDBmZjQzY2NhXCJdfSxcImNvZGVcIjpcIihhdCAnZ2FzLXByaWNlIChjaGFpbi1kYXRhKSlcIn19LFwic2lnbmVyc1wiOlt7XCJwdWJLZXlcIjpcIjM2ODgyMGY4MGMzMjRiYmM3YzJiMDYxMDY4OGE3ZGE0M2UzOWY5MWQxMTg3MzI2NzFjZDljNzUwMGZmNDNjY2FcIn1dLFwibWV0YVwiOntcImNyZWF0aW9uVGltZVwiOjEwMDAwMDAsXCJ0dGxcIjo4NjQwMCxcImdhc0xpbWl0XCI6MTAwMDAsXCJjaGFpbklkXCI6XCIwXCIsXCJnYXNQcmljZVwiOjEuMGUtMixcInNlbmRlclwiOlwic2VuZGVyMDBcIn0sXCJub25jZVwiOlwiMThcIn0ifQ
    - eyJnYXMiOjcsInJlc3VsdCI6eyJzdGF0dXMiOiJzdWNjZXNzIiwiZGF0YSI6MS4wZS0yfSwicmVxS2V5Ijoia21ldS1LajJudVNMcHZzNmVsNVdiY0d6VnZ3ZjlaSjd2LTJCa2g4UmVlQSIsImxvZ3MiOiJaUDhDRmdiOEZQUkQ0Q3E2MFV0aUp3aU9oaDduRFU3YXFBNnQtbDFFbS1NIiwibWV0YURhdGEiOm51bGwsImNvbnRpbnVhdGlvbiI6bnVsbCwidHhJZCI6MzV9
  - - eyJoYXNoIjoiU2REQTV6VXVPWEJOZEQ5cnpzYWEzU1NRTENUTTdVWWNPeWhoaWxGUlNURSIsInNpZ3MiOlt7InNpZyI6IjhiNGU0MjZiMDMwMGYwOTJmMWJhZDVkYTY2MWEzYjBmZWE0ZjUwNTAyZmI3ODZjOWQyOTZhNTgwZTRmOGViMTc1Njc5YjQ4NDQwMDAyNjQ2MTc2OWRjMzI4MzkxYTQzM2E5NjAxY2ZhMzk5ZDQyNmUxYTdhMmUwOWYxNzYyNzAxIn1dLCJjbWQiOiJ7XCJuZXR3b3JrSWRcIjpudWxsLFwicGF5bG9hZFwiOntcImV4ZWNcIjp7XCJkYXRhXCI6e1widGVzdC1hZG1pbi1rZXlzZXRcIjpbXCIzNjg4MjBmODBjMzI0YmJjN2MyYjA2MTA2ODhhN2RhNDNlMzlmOTFkMTE4NzMyNjcxY2Q5Yzc1MDBmZjQzY2NhXCJdfSxcImNvZGVcIjpcIihhdCAnY2hhaW4taWQgKGNoYWluLWRhdGEpKVwifX0sXCJzaWduZXJzXCI6W3tcInB1YktleVwiOlwiMzY4ODIwZjgwYzMyNGJiYzdjMmIwNjEwNjg4YTdkYTQzZTM5ZjkxZDExODczMjY3MWNkOWM3NTAwZmY0M2NjYVwifV0sXCJtZXRhXCI6e1wiY3JlYXRpb25UaW1lXCI6MTAwMDAwMCxcInR0bFwiOjg2NDAwLFwiZ2FzTGltaXRcIjoxMDAwMCxcImNoYWluSWRcIjpcIjBcIixcImdhc1ByaWNlXCI6MS4wZS0yLFwic2VuZGVyXCI6XCJzZW5kZXIwMFwifSxcIm5vbmNlXCI6XCIxOVwifSJ9
    - eyJnYXMiOjcsInJlc3VsdCI6eyJzdGF0dXMiOiJzdWNjZXNzIiwiZGF0YSI6IjAifSwicmVxS2V5IjoiU2REQTV6VXVPWEJOZEQ5cnpzYWEzU1NRTENUTTdVWWNPeWhoaWxGUlNURSIsImxvZ3MiOiItNEMyR2Myc0hJWE9sREt0cFBZNGZpaEI0dndWc0NPYnpPc0JxOFAyNEQ0IiwibWV0YURhdGEiOm51bGwsImNvbnRpbnVhdGlvbiI6bnVsbCwidHhJZCI6Mzh9
  - - eyJoYXNoIjoiV2dudUNnNkxfbDZsemJqV3RCZk1FdVB0dHlfdUdjTnJVb2w1SEdSRU9fbyIsInNpZ3MiOlt7InNpZyI6IjgxNzAxZTJiMDQ4MzdjMDk1NDY3NGNiNWM2YzcxMGJhZGZlNzA5MjJiYTM0YTEyNDVjMWZmZDJmY2Q2NTQ4NzExZjY2Y2FmNTc1Njk2ZjU2NmQzYWQ3ZGNlMzgxZGQxN2M1Njc0OWQwM2M3OWQ5NmI1OWIxNGQ3ZjAwMTE0NjBhIn1dLCJjbWQiOiJ7XCJuZXR3b3JrSWRcIjpudWxsLFwicGF5bG9hZFwiOntcImV4ZWNcIjp7XCJkYXRhXCI6e1widGVzdC1hZG1pbi1rZXlzZXRcIjpbXCIzNjg4MjBmODBjMzI0YmJjN2MyYjA2MTA2ODhhN2RhNDNlMzlmOTFkMTE4NzMyNjcxY2Q5Yzc1MDBmZjQzY2NhXCJdfSxcImNvZGVcIjpcIihhdCAnc2VuZGVyIChjaGFpbi1kYXRhKSlcIn19LFwic2lnbmVyc1wiOlt7XCJwdWJLZXlcIjpcIjM2ODgyMGY4MGMzMjRiYmM3YzJiMDYxMDY4OGE3ZGE0M2UzOWY5MWQxMTg3MzI2NzFjZDljNzUwMGZmNDNjY2FcIn1dLFwibWV0YVwiOntcImNyZWF0aW9uVGltZVwiOjEwMDAwMDAsXCJ0dGxcIjo4NjQwMCxcImdhc0xpbWl0XCI6MTAwMDAsXCJjaGFpbklkXCI6XCIwXCIsXCJnYXNQcmljZVwiOjEuMGUtMixcInNlbmRlclwiOlwic2VuZGVyMDBcIn0sXCJub25jZVwiOlwiMTEwXCJ9In0
    - eyJnYXMiOjcsInJlc3VsdCI6eyJzdGF0dXMiOiJzdWNjZXNzIiwiZGF0YSI6InNlbmRlcjAwIn0sInJlcUtleSI6IldnbnVDZzZMX2w2bHpiald0QmZNRXVQdHR5X3VHY05yVW9sNUhHUkVPX28iLCJsb2dzIjoiVl96OG10RjdtMVpNRWJiQUNtZlFLbWFLejdhZF9qWjhYbXhaYV9KMTRWWSIsIm1ldGFEYXRhIjpudWxsLCJjb250aW51YXRpb24iOm51bGwsInR4SWQiOjQxfQ
  minerData: eyJhY2NvdW50IjoiTm9NaW5lciIsInByZWRpY2F0ZSI6IjwiLCJwdWJsaWMta2V5cyI6W119
  transactionsHash: 2y3seC6k4yPV4Nj7Xew_fWh_6WwX1ubP88SB60AvVTI
  outputsHash: qMmde0SJeAVt0ScN17nImNRHSKwryclEHrn4gsKVlNA
  payloadHash: 0O0zjvDprESo7f1xskNZMH6nfUFujY-vPG12gdfQ9nI
  coinbase: eyJnYXMiOjAsInJlc3VsdCI6eyJzdGF0dXMiOiJzdWNjZXNzIiwiZGF0YSI6IldyaXRlIHN1Y2NlZWRlZCJ9LCJyZXFLZXkiOiJJblZuUVU5bVpqWlphMHR0ZG5CZmNFcEpTSEY0TmtoTVZGSlFkM2xJUlVoRU1tTXlUMnh0Tmt3eVJtY2kiLCJsb2dzIjoibFdaVWZjX0dKdGxUUy1LeDAtYm00aXRfSWE5bnNGZG5jZ2NwSE0td091OCIsIm1ldGFEYXRhIjpudWxsLCJjb250aW51YXRpb24iOm51bGwsInR4SWQiOjd9
