I44qr9WzXAwKaBL_cOdhLC9PKB0Jmo0dIuMXUz3Q4ws=LHOg2z-LlJYKpbPqyPtmmPtt52TsJZw98-8Yqa6z3mY=tMZtszaMwDE8ZBkZ63wbTmuL3R32bH1pVH6BCxO-KTA=KzOGhVdvZrAJnsyd94qVrt2y9JelNFGI36k5qzFPovM=Dgkcz1vTanUkii3ytBTjxospbVctGauWbFITQTf_7RU=QBgdPHASVl5DMiTTkCpo9aYzq5BcuQOAjNNh4ddfOaA=ul5HX4I4gzLgiT5ZIcv6to9vd0NieNiF0gtXV56u9aQ=vcCyL7Q3hrNMdIH3ugomHcKgzkzKIC9-53X_sSiGpm0=dglsXm0bcrHzXSPnAbRGmSMrSxjR8hgecb9tuHmI9o4=Uqb6NvnmsDKUf1nRKNB6ogZVQGT75lebfyHPMgq6IYk=pKCVftcctJ0SM_3h9vTuMKFo-eDnZB9qVnnpgMzW5Hg=3RPSalWuswFQJegbeEvrizAeQC6wxUJ9UtqM3xMkZBE=RpN2i3kNWkh0Dm7gLvhX3YlkruLXA-s4La5W831CRao=KwQ8VlmijrLd8diO5Ipy2H89hKhKDJQ3TC3al7vRrdQ=IfaxAeTGndKZqBb_0emJlkBYt4r5x-h8AFTH-hFjQKk=KMgFuiEt8hVL5FjjXw4pRmjI5FtgZ0W7loGRkOBZP5Y=_agbXYJt3-uklho_gSJBgIxxyHLMy_BtV_cvObxvmUY=C9luSkCJOC6g8lpKzDD56YJuKqQQLXR3PbOaPEgTIwA=ftB18G_4NdWDC6LYulkocXWPAkThii9nvsEDsP9Lzk4=GWe3oNkU1tWHvW_qzJGJ1eS5g-6wZRIIzhj25oF5Tvk=