mwFvw-fQhd5U-NGiqP6gTyrr9VU5Qm3CPyS1jjFTrnw=FfT7Hc_QhdNnz10Mc-6s4OPvWj56WGJAVVOftA1XP3A=P0Jjp3_5Y2PW7qJ6OgIg0UeKkVYPpimRsfbZXJ6rZcc=pOKtuVOMaCFvGrdF81evby-GmmXhCTnobTkzyaLCpMM=IfSAC_LIDdWddd7Gz15vJjqHTojuEHevpNAhgVL7-6I=CoEM_01Vn8paRJKUdmP7KCwKU_u9j3hQj9Z4A_tJ0mU=S_YmDKL1-4NF7CaTSh-pDWpiNmmCobrgp-_XzGQuDD4=AC6hBY9vVAIc0L96S2bkajQE9wj_pKCBv75WFIDLPys=szCazyRr0Qvbw-EcyWjnoryKwR3hBzLYE5shfB9QMcE=LvTaSGvxjUsriWPi_eki3ntAMasloNEcfNhU4SQTCSA=CN0KXRpOnz8MecawpBeaVlfd3dqEd8EFRe3-AdHRCEk=vLh0hM7bah_Z6X9JrEsSSMZE4UtyBaS_-9kgk8yqE9c=luONa0oy-SZAGBv4wfQ9XLO9wo0nZm3vg-1DZfp7xvs=VJJkMyoXPpDW45PeN4LG6I-loNgjuKAvVMPS8WKo4lQ=3sZwAQAYscpsLCa91v2qhYIbItgIsInmBt6_tWGRau0=143n_ZowJw0NShCL9Xq8-7TMOAIzdBLKP-x2suILPRE=i6LgoFi0Pf41CPwP9Ac8VXc_w1BsGrcAcyKJ9URzUPg=67v30W1SuMQSAwwGghZtXH7L_bhNmOSOwkGsJAsK03I=b7c4EEcsGuae82-s7qWgSfHJJGJedXKi5VpuWuw9YLQ=H30q1dI-OA-_gSaI7EprC0-qHxPladD3GYkRyFK4yRg=