6vXQMPGrlsSh9tcpGkhHIwKulUjFx4XVx-TWvF8aTSI=TMh9kAypdg5E8jbUxTY2aYqfy4iXxRh7hvYl6p8dtHc=-lrN78rdDnvF3DxZAqGlDcLbbC6fUQUCbUx3_hvii7s=8v8RojPzojR8_lCHthyS0wq9h6r6IoUK48QzVc96fcU=si9R_cVD7SiuyJ3ixBbQSAUzXPFmaH34rmpDsgQBfNU=Z-6Vw7SlrjiB70pPtOyA_Ki_hhqSYAFMPGLjCPYGmo4=AlQRFU1R3XXoA4zNOt8SKUt1LFjLCa2zTq7XSDsrBMI=BkPVQbYNpMrJHrIvSHeI9yPo5vZEYGG8Z5pBUX_fpHI=w0xMlkgOTwSb8ma9C4XZhkYMsYLzNomJ03WREXZLRVA=3RD8yEf8exbGKtNKcXD-j5j7HryyKACXYKNU-N0zeqw=