SfshQQJq5Uc4JPcq09LgskBs1kae4Aixg5839N-raI4=qoyP5xwgpRRgsGL73oqr-1YFFNlE2Pp9-2gWzGLrpY0=vkE0fB697efjOC74cM2rAYjYmi_h-x_zqRVDH0ry6zM=Lxev2VwQmHTvjIi7NQkl7S5NC0-jLbtlfAXTADV76FI=U5vpU7PzFd2xg-eLk9WMl8qs_HTh7aJdXQ5ad-bDyVA=qtbEUP-GmnwjrYlv7pJpdwR1U5uEjBEx5r3VKbAR4t4=_oekBBvcRpRhqXjbkVOMNb8q9twnkerGCNVZQc-rMuA=LHXwnn3dHAlGW4VXMOsesFuVEzF-QmxR7WF9OIrW3OU=E9z16hN-P5H6HImldjHGJztlBfdF0bi6chTOP1m1rb4=xe5sk34JYh8KgmiSBlghsxDljoQxPELxo0_F-zkTNDg=