AevZdgbCT-iXPn_JWSjtvG9oxcUY8nnjy1fwwZcV9SA=Tu0PqmWlP4ZV3sNdFidGAz8YrPjQ5r8CprTKPowmSXA=gXT-lgv6ME8qBw99c8VgMgAojAkYU_e7IhVYEbzZ_Ho=pU29Oc93_60syWGl4FGb9zwsBfvPzIDVBRkrvYRg_RE=2sie-rQVBFddgpo1K869JqDNwQhFku5LYVVDRrPbfGg=1CDUFF5juqcf7C_VFDH--jxjbXeUmHSGMmGJdY147UM=9TyLS1WoartPmd0vkbZ6dyhiW2ziA8j7hsN_Ed5il4w=Q5XFqWsI377L9jZYjFpSKPYdG1LTmn9n5KVoT2n10hk=4FJHVqItFOGKZL9VX8xnKVt3rerlwmI-F7696Kblwk8=cQ6DewPvU48C1zz6appWkbE5eaM4pgDnIXfoCXo3ebw=