r21zg8E011awAbEghzNBOI4RtKUZ-wHLkUwio-5dKpE=V1eZWhoceIl7vmfn5h3U4HvpGSs9Nd66ISgKNMLmi_0=FMsDXwQ2OS0NYmDwQsXR4rPyKA9oxJR2XK2OppSCD8E=tqjIgeqKe6q-BM4PeNmjHFgKHIWAziJxcgnrOuYInoc=9oYwQo4x9xiCzlUzrmG0LOQW_rS3zRB4MtiOgpZmoMQ=wXSuR_3WBkrdEV4proOm1YS4pBiX4uZI_KrNQfr24ls=87afzutvMr9I2oZowgQbWBG8VJsN5rWtDB8SU19YaTA=0fnoDkGf2KaY1SBwhrBD_2eXEUlrytKOXTWY0wNZ534=hfRjRAhE8Fn8WJNz0R8Ku-W72RdzgQVXJDvzz5hIi_Q=sM9OUZFlk4GHkBaW3dYG4LsU4TQslPzG6FkO0gr6Kro=