- output: SWXWAANubWRDjkJaWluDxsG37jA9OkKP-WYICdx33Uw
  cmd: coinbase
- output: fwUxLBrxLcx0lV4SnFULKaBtwv_6NkLsHDhVIQK-UZ8
  cmd:
    tag: Code
    contents: (test1.transfer "Acct1" "Acct2" 1.00)
