test-group: validateBlock-0
results:
  transactions:
  - - eyJoYXNoIjoiXzBlSUZaY3F5WFotUlZnSVlvVDZiTkNkUkJmRXFGV2ROQUpHTnBfeFpyWSIsInNpZ3MiOlt7InNpZyI6IjIxZWFlZmFkZTUxNzg1Zjg4YWYyYzhlZDdhMmNjN2ZjMTdkMzUxNjhjNjU5NWMxMjRhMTY3MTE5Mjg1OTVhNzIzYjg2NDYyZjhjNDVkZDExODk1OTQ4MDI0MzlkYzg2NDc0NmIwZjdkZmIzMjhiNTExNmJjYjAxMWZmMTNmMjBkIn1dLCJjbWQiOiJ7XCJwYXlsb2FkXCI6e1wiZXhlY1wiOntcImRhdGFcIjp7XCJ0ZXN0LWFkbWluLWtleXNldFwiOltcIjM2ODgyMGY4MGMzMjRiYmM3YzJiMDYxMDY4OGE3ZGE0M2UzOWY5MWQxMTg3MzI2NzFjZDljNzUwMGZmNDNjY2FcIl19LFwiY29kZVwiOlwiKGRlZmluZS1rZXlzZXQgJ3Rlc3QtYWRtaW4gKHJlYWQta2V5c2V0IFxcXCJ0ZXN0LWFkbWluLWtleXNldFxcXCIpKVxcblxcbihtb2R1bGUgdGVzdDEgJ3Rlc3QtYWRtaW5cXG5cXG4gIChkZWZzY2hlbWEgYWNjb3VudFxcbiAgICBiYWxhbmNlOmRlY2ltYWxcXG4gICAgYW1vdW50OmRlY2ltYWxcXG4gICAgZGF0YSlcXG5cXG4gIChkZWZ0YWJsZSBhY2NvdW50czp7YWNjb3VudH0pXFxuXFxuICAoZGVmdW4gY3JlYXRlLWFjY291bnQgKGlkIGluaXQtYmFsKVxcbiAgICAoaW5zZXJ0IGFjY291bnRzIGlkXFxuICAgICAgICAgeyBcXFwiYmFsYW5jZVxcXCI6IGluaXQtYmFsLCBcXFwiYW1vdW50XFxcIjogaW5pdC1iYWwsIFxcXCJkYXRhXFxcIjogXFxcIkNyZWF0ZWQgYWNjb3VudFxcXCIgfSkpXFxuXFxuICAoZGVmdW4gdHJhbnNmZXIgKHNyYyBkZXN0IGFtb3VudClcXG4gICAgXFxcInRyYW5zZmVyIEFNT1VOVCBmcm9tIFNSQyB0byBERVNUIGZvciB1bmVuY3J5cHRlZCBhY2NvdW50c1xcXCJcXG4gICAgKGRlYml0IHNyYyBhbW91bnQgeyBcXFwidHJhbnNmZXItdG9cXFwiOiBkZXN0IH0pXFxuICAgIChjcmVkaXQgZGVzdCBhbW91bnQgeyBcXFwidHJhbnNmZXItZnJvbVxcXCI6IHNyYyB9KSlcXG5cXG4gIChkZWZwYWN0IHBheW1lbnQgKHNyYy1lbnRpdHkgc3JjIGRlc3QtZW50aXR5IGRlc3QgYW1vdW50KVxcbiAgICBcXFwiVHdvLXBoYXNlIGNvbmZpZGVudGlhbCBwYXltZW50LCBzZW5kaW5nIG1vbmV5IGZyb20gU1JDIGF0IFNSQy1FTlRJVFkgdG8gREVTVCBhdCBERVNULUVOVElUWS5cXFwiXFxuXFxuICAgIChzdGVwLXdpdGgtcm9sbGJhY2tcXG4gICAgIHNyYy1lbnRpdHlcXG4gICAgIChsZXQgKChyZXN1bHQgKGRlYml0IHNyYyBhbW91bnQgeyBcXFwidHJhbnNmZXItdG9cXFwiOiBkZXN0LCBcXFwibWVzc2FnZVxcXCI6IFxcXCJTdGFydGluZyBwYWN0XFxcIiB9KSkpXFxuICAgICAgICh5aWVsZCB7IFxcXCJyZXN1bHRcXFwiOiByZXN1bHQsIFxcXCJhbW91bnRcXFwiOiBhbW91bnQsIFxcXCJ0eFxcXCI6IChwYWN0LWlkKSB9KSlcXG4gICAgIChjcmVkaXQgc3JjIGFtb3VudCB7IFxcXCJyb2xsYmFja1xcXCI6IChwYWN0LWlkKSB9KSlcXG5cXG4gICAgKHN0ZXBcXG4gICAgIGRlc3QtZW50aXR5XFxuICAgICAocmVzdW1lIHsgXFxcInJlc3VsdFxcXCI6PSByZXN1bHQsIFxcXCJhbW91bnRcXFwiOj0gZGViaXQtYW1vdW50IH1cXG4gICAgICAgKGNyZWRpdCBkZXN0IGRlYml0LWFtb3VudFxcbiAgICAgICAgICAgICAgIHsgXFxcInRyYW5zZmVyLWZyb21cXFwiOiBzcmMsIFxcXCJkZWJpdC1yZXN1bHRcXFwiOiByZXN1bHQsIFxcXCJ0eFxcXCI6IChwYWN0LWlkKSB9KSkpKVxcblxcbiAgKGRlZnVuIGRlYml0IChhY2N0IGFtb3VudCBkYXRhKVxcbiAgICBcXFwiRGViaXQgQUNDVCBmb3IgQU1PVU5ULCBlbmZvcmNpbmcgcG9zaXRpdmUgYW1vdW50IGFuZCBzdWZmaWNpZW50IGZ1bmRzLCBhbm5vdGF0aW5nIHdpdGggREFUQVxcXCJcXG4gICAgKGVuZm9yY2UtcG9zaXRpdmUgYW1vdW50KVxcbiAgICAod2l0aC1yZWFkIGFjY291bnRzIGFjY3QgeyBcXFwiYmFsYW5jZVxcXCI6PSBiYWxhbmNlIH1cXG4gICAgICAoY2hlY2stYmFsYW5jZSBiYWxhbmNlIGFtb3VudClcXG4gICAgICAodXBkYXRlIGFjY291bnRzIGFjY3RcXG4gICAgICAgICAgICB7IFxcXCJiYWxhbmNlXFxcIjogKC0gYmFsYW5jZSBhbW91bnQpLCBcXFwiYW1vdW50XFxcIjogKC0gYW1vdW50KVxcbiAgICAgICAgICAgICwgXFxcImRhdGFcXFwiOiBkYXRhIH0pKSlcXG5cXG4gIChkZWZ1biBjcmVkaXQgKGFjY3QgYW1vdW50IGRhdGEpXFxuICAgIFxcXCJDcmVkaXQgQUNDVCBmb3IgQU1PVU5ULCBlbmZvcmNpbmcgcG9zaXRpdmUgYW1vdW50XFxcIlxcbiAgICAoZW5mb3JjZS1wb3NpdGl2ZSBhbW91bnQpXFxuICAgICh3aXRoLXJlYWQgYWNjb3VudHMgYWNjdCB7IFxcXCJiYWxhbmNlXFxcIjo9IGJhbGFuY2UgfVxcbiAgICAgICh1cGRhdGUgYWNjb3VudHMgYWNjdFxcbiAgICAgICAgICAgIHsgXFxcImJhbGFuY2VcXFwiOiAoKyBiYWxhbmNlIGFtb3VudCksIFxcXCJhbW91bnRcXFwiOiBhbW91bnRcXG4gICAgICAgICAgICAsIFxcXCJkYXRhXFxcIjogZGF0YSB9KSkpXFxuXFxuXFxuICAoZGVmdW4gcmVhZC1hY2NvdW50IChpZClcXG4gICAgXFxcIlJlYWQgZGF0YSBmb3IgYWNjb3VudCBJRFxcXCJcXG4gICAgKCsgeyBcXFwiYWNjb3VudFxcXCI6IGlkIH0gKHJlYWQgYWNjb3VudHMgaWQpKSlcXG5cXG4gIChkZWZ1biBjaGVjay1iYWxhbmNlIChiYWxhbmNlIGFtb3VudClcXG4gICAgKGVuZm9yY2UgKDw9IGFtb3VudCBiYWxhbmNlKSBcXFwiSW5zdWZmaWNpZW50IGZ1bmRzXFxcIikpXFxuXFxuICAoZGVmdW4gZW5mb3JjZS1wb3NpdGl2ZSAoYW1vdW50KVxcbiAgICAoZW5mb3JjZSAoPj0gYW1vdW50IDAuMCkgXFxcImFtb3VudCBtdXN0IGJlIHBvc2l0aXZlXFxcIikpXFxuXFxuIChkZWZ1biByZWFkLWFsbCAoKVxcbiAgIChtYXAgKHJlYWQtYWNjb3VudCkgKGtleXMgYWNjb3VudHMpKSlcXG5cXG4gKGRlZnVuIHJlYWQtYWxsLWdsb2JhbCAoKVxcbiAgIChtYXAgKHJlYWQtYWNjb3VudCkgW1xcXCJBY2N0MVxcXCIgXFxcIkFjY3QyXFxcIl0pKVxcblxcbiAoZGVmdW4gY3JlYXRlLWdsb2JhbC1hY2NvdW50cyAoKVxcbiAgIChjcmVhdGUtYWNjb3VudCBcXFwiQWNjdDFcXFwiIDEwMDAwMDAuMClcXG4gICAoY3JlYXRlLWFjY291bnQgXFxcIkFjY3QyXFxcIiAwLjApXFxuICAgKHJlYWQtYWxsKSlcXG5cXG4gKGRlZnBhY3QgY3JlYXRlLXByaXZhdGUtYWNjb3VudHMgKClcXG4gICAoc3RlcCBcXFwiQWxpY2VcXFwiIChjcmVhdGUtYWNjb3VudCBcXFwiQVxcXCIgMTAwMC4wKSlcXG4gICAoc3RlcCBcXFwiQm9iXFxcIiAoY3JlYXRlLWFjY291bnQgXFxcIkJcXFwiIDEwMDAuMCkpXFxuICAgKHN0ZXAgXFxcIkNhcm9sXFxcIiAoY3JlYXRlLWFjY291bnQgXFxcIkNcXFwiIDEwMDAuMCkpXFxuICAgKHN0ZXAgXFxcIkRpbmVzaFxcXCIgKGNyZWF0ZS1hY2NvdW50IFxcXCJEXFxcIiAxMDAwLjApKSlcXG5cXG4pXFxuXCJ9fSxcInNpZ25lcnNcIjpbe1wiYWRkclwiOlwiMzY4ODIwZjgwYzMyNGJiYzdjMmIwNjEwNjg4YTdkYTQzZTM5ZjkxZDExODczMjY3MWNkOWM3NTAwZmY0M2NjYVwiLFwic2NoZW1lXCI6XCJFRDI1NTE5XCIsXCJwdWJLZXlcIjpcIjM2ODgyMGY4MGMzMjRiYmM3YzJiMDYxMDY4OGE3ZGE0M2UzOWY5MWQxMTg3MzI2NzFjZDljNzUwMGZmNDNjY2FcIn1dLFwibWV0YVwiOntcImdhc0xpbWl0XCI6MTAwLFwiY2hhaW5JZFwiOlwiMFwiLFwiZ2FzUHJpY2VcIjoxLjBlLTQsXCJzZW5kZXJcIjpcInNlbmRlcjAwXCJ9LFwibm9uY2VcIjpcIjFcIn0ifQ
    - eyJobFR4TG9ncyI6Ik5lVWRrOW02Uk54a3kyc0hfb2JiNDRBMGlXZF81NnlLR19fOVNVSUhxeVkiLCJobENvbW1hbmRSZXN1bHQiOnsic3RhdHVzIjoic3VjY2VzcyIsImRhdGEiOnsiaSI6bnVsbCwibGl0IjoiTG9hZGVkIG1vZHVsZSB0ZXN0MSwgaGFzaCBCNlpKZ2ZXRDVvYlBHbVljX2lSS2lyRE1QNi1VR20ycFVWN210SEQtUnNRIn19fQ
  - - eyJoYXNoIjoiTnhSNEQ4M19PbWhRQ2UxcUxJYWRBeFY0ZzdfbTNJNUg2b1NpcFpzb3hyQSIsInNpZ3MiOlt7InNpZyI6ImNhNDNjY2M3Mzg0MDBiZTFlNWEzNDk3OWEzMjQ5OTk1ZWEwZTE3ZGNiZjNmZWYzZjVhNzE5YzM3ZjcxMDMzZGRlMDVjZGQzZjVhZmRmNmZiMjEwNTI5MzkyOGYxNmJiY2U2M2JjYzBjNDhjNjU1M2ZlMGYwNDRlYzMwNTdlYTBlIn1dLCJjbWQiOiJ7XCJwYXlsb2FkXCI6e1wiZXhlY1wiOntcImRhdGFcIjp7XCJ0ZXN0LWFkbWluLWtleXNldFwiOltcIjM2ODgyMGY4MGMzMjRiYmM3YzJiMDYxMDY4OGE3ZGE0M2UzOWY5MWQxMTg3MzI2NzFjZDljNzUwMGZmNDNjY2FcIl19LFwiY29kZVwiOlwiKGNyZWF0ZS10YWJsZSB0ZXN0MS5hY2NvdW50cylcIn19LFwic2lnbmVyc1wiOlt7XCJhZGRyXCI6XCIzNjg4MjBmODBjMzI0YmJjN2MyYjA2MTA2ODhhN2RhNDNlMzlmOTFkMTE4NzMyNjcxY2Q5Yzc1MDBmZjQzY2NhXCIsXCJzY2hlbWVcIjpcIkVEMjU1MTlcIixcInB1YktleVwiOlwiMzY4ODIwZjgwYzMyNGJiYzdjMmIwNjEwNjg4YTdkYTQzZTM5ZjkxZDExODczMjY3MWNkOWM3NTAwZmY0M2NjYVwifV0sXCJtZXRhXCI6e1wiZ2FzTGltaXRcIjoxMDAsXCJjaGFpbklkXCI6XCIwXCIsXCJnYXNQcmljZVwiOjEuMGUtNCxcInNlbmRlclwiOlwic2VuZGVyMDBcIn0sXCJub25jZVwiOlwiMVwifSJ9
    - eyJobFR4TG9ncyI6IkxLVmEwcVp1VjNiQzRIOXdzenRzSVZmZEtsSmxNcm5famw4bDRWbnpXS1EiLCJobENvbW1hbmRSZXN1bHQiOnsic3RhdHVzIjoic3VjY2VzcyIsImRhdGEiOnsiaSI6bnVsbCwibGl0IjoiVGFibGVDcmVhdGVkIn19fQ
  - - eyJoYXNoIjoiNk10NVRLbU1WWkhHaGNlVUZhckI2QVVXT2daNUNTSlNQVUV3bS1aMHRQWSIsInNpZ3MiOlt7InNpZyI6ImEyNzAxZjJhM2I5YTI3N2YyMmIxYjBjMDVlYTllOGU1NDcyODQxZDBiNWViN2M0YjZmZmM4ODY3NzEyYWJmYWU0ZWU5ZWI1NDQ0OTVmMjY3Nzc4MTljOGMyYThkY2MxNzRlNDgxNGE0YTUxYTIxZGU2ZmMyMGZhMjQyYzBhMTBlIn1dLCJjbWQiOiJ7XCJwYXlsb2FkXCI6e1wiZXhlY1wiOntcImRhdGFcIjp7XCJ0ZXN0LWFkbWluLWtleXNldFwiOltcIjM2ODgyMGY4MGMzMjRiYmM3YzJiMDYxMDY4OGE3ZGE0M2UzOWY5MWQxMTg3MzI2NzFjZDljNzUwMGZmNDNjY2FcIl19LFwiY29kZVwiOlwiKHRlc3QxLmNyZWF0ZS1nbG9iYWwtYWNjb3VudHMpXCJ9fSxcInNpZ25lcnNcIjpbe1wiYWRkclwiOlwiMzY4ODIwZjgwYzMyNGJiYzdjMmIwNjEwNjg4YTdkYTQzZTM5ZjkxZDExODczMjY3MWNkOWM3NTAwZmY0M2NjYVwiLFwic2NoZW1lXCI6XCJFRDI1NTE5XCIsXCJwdWJLZXlcIjpcIjM2ODgyMGY4MGMzMjRiYmM3YzJiMDYxMDY4OGE3ZGE0M2UzOWY5MWQxMTg3MzI2NzFjZDljNzUwMGZmNDNjY2FcIn1dLFwibWV0YVwiOntcImdhc0xpbWl0XCI6MTAwLFwiY2hhaW5JZFwiOlwiMFwiLFwiZ2FzUHJpY2VcIjoxLjBlLTQsXCJzZW5kZXJcIjpcInNlbmRlcjAwXCJ9LFwibm9uY2VcIjpcIjFcIn0ifQ
    - eyJobFR4TG9ncyI6Im1hWGV4Zm5RZDBOTFNtQlhCQ0htSDhNOW5Ca2xTSkNqTnBfdWx2QU11YjgiLCJobENvbW1hbmRSZXN1bHQiOnsic3RhdHVzIjoic3VjY2VzcyIsImRhdGEiOnsibGlzdCI6W3sib2JqIjp7ImFtb3VudCI6eyJpIjpudWxsLCJsaXQiOjEwMDAwMDB9LCJkYXRhIjp7ImkiOm51bGwsImxpdCI6IkNyZWF0ZWQgYWNjb3VudCJ9LCJiYWxhbmNlIjp7ImkiOm51bGwsImxpdCI6MTAwMDAwMH0sImFjY291bnQiOnsiaSI6bnVsbCwibGl0IjoiQWNjdDEifX0sInR5cGUiOiIqIiwiaSI6bnVsbH0seyJvYmoiOnsiYW1vdW50Ijp7ImkiOm51bGwsImxpdCI6MH0sImRhdGEiOnsiaSI6bnVsbCwibGl0IjoiQ3JlYXRlZCBhY2NvdW50In0sImJhbGFuY2UiOnsiaSI6bnVsbCwibGl0IjowfSwiYWNjb3VudCI6eyJpIjpudWxsLCJsaXQiOiJBY2N0MiJ9fSwidHlwZSI6IioiLCJpIjpudWxsfV0sInR5cGUiOiIqIiwiaSI6bnVsbH19fQ
  - - eyJoYXNoIjoiVWwxQUpNRk9lMGlwc014aW1keUhxZGhqNDRuNDRRbVdRNElrbmFuMTJMNCIsInNpZ3MiOlt7InNpZyI6ImI2NzJmZDE5ZDUwOGY1ZjM5ZjNiNjRkNWI4OWEwOTFiZTg2MmVjYmYyYThmZDFhYTlkNmNmMzBiOTk2NzFiYzU2ZDk3OTZkYTBjMzk2MmM4ZjEyY2Y0ZTg2MmU1ZTEyZmZjMGZhNWJjOTBkYjg1ZjVhNjBkMTFhNzliZTc2NzA0In1dLCJjbWQiOiJ7XCJwYXlsb2FkXCI6e1wiZXhlY1wiOntcImRhdGFcIjp7XCJ0ZXN0LWFkbWluLWtleXNldFwiOltcIjM2ODgyMGY4MGMzMjRiYmM3YzJiMDYxMDY4OGE3ZGE0M2UzOWY5MWQxMTg3MzI2NzFjZDljNzUwMGZmNDNjY2FcIl19LFwiY29kZVwiOlwiKHRlc3QxLnRyYW5zZmVyIFxcXCJBY2N0MVxcXCIgXFxcIkFjY3QyXFxcIiAxLjAwKVwifX0sXCJzaWduZXJzXCI6W3tcImFkZHJcIjpcIjM2ODgyMGY4MGMzMjRiYmM3YzJiMDYxMDY4OGE3ZGE0M2UzOWY5MWQxMTg3MzI2NzFjZDljNzUwMGZmNDNjY2FcIixcInNjaGVtZVwiOlwiRUQyNTUxOVwiLFwicHViS2V5XCI6XCIzNjg4MjBmODBjMzI0YmJjN2MyYjA2MTA2ODhhN2RhNDNlMzlmOTFkMTE4NzMyNjcxY2Q5Yzc1MDBmZjQzY2NhXCJ9XSxcIm1ldGFcIjp7XCJnYXNMaW1pdFwiOjEwMCxcImNoYWluSWRcIjpcIjBcIixcImdhc1ByaWNlXCI6MS4wZS00LFwic2VuZGVyXCI6XCJzZW5kZXIwMFwifSxcIm5vbmNlXCI6XCIxXCJ9In0
    - eyJobFR4TG9ncyI6InRxV25ZWi1PU2dSeHF4Z2FmeVRFVU1VNXhsaWItNjdvNXU2RXB6aTZxYTAiLCJobENvbW1hbmRSZXN1bHQiOnsic3RhdHVzIjoic3VjY2VzcyIsImRhdGEiOnsiaSI6bnVsbCwibGl0IjoiV3JpdGUgc3VjY2VlZGVkIn19fQ
  minerData: eyJtIjoiTm9NaW5lciIsImtzIjpbXSwia3AiOiI8In0
  transactionsHash: zvE-QXgqcODM8vLB1w3iZfZ46TH3fnCI6XtJwzKBIFg
  outputsHash: dL9Qv0HYMTTMWUDu9pXYUNBtxSRuGcoPRM2D4gibz_U
  payloadHash: PyuAj3uzeLgetUpsbEhuntiWqIu_ycXfo8rnccQEY9U
  coinbase: eyJmbENvbW1hbmRSZXN1bHQiOnsicmVzdWx0Ijp7InN0YXR1cyI6InN1Y2Nlc3MiLCJkYXRhIjp7ImkiOm51bGwsImxpdCI6IldyaXRlIHN1Y2NlZWRlZCJ9fSwicGFyZW50SGFzaCI6ImFVZmZlV0FaNk1fa29nWmJGY3Y0OVk1XzNkRTFIUGVkVFdjTm1KMXFydUkifSwiZmxUeExvZ3MiOlt7InZhbHVlIjp7Imd1YXJkIjp7InByZWQiOiI8Iiwia2V5cyI6W119LCJiYWxhbmNlIjo0Mn0sImtleSI6Ik5vTWluZXIiLCJ0YWJsZSI6IlVTRVJfY29pbl9jb2luLXRhYmxlIn1dfQ
